
> frontend@0.0.0 test
> ng test --watch=false

❯ Building...
